------------------------------------------------------------
Timing Analyzer Summary
------------------------------------------------------------

Type  : Slow 1100mV 85C Model Setup 'PD|pll_0|altera_pll_i|cyclonev_pll|counter[1].output_counter|divclk'
Slack : 0.380
TNS   : 0.000

Type  : Slow 1100mV 85C Model Setup 'CLOCK_50'
Slack : 4.972
TNS   : 0.000

Type  : Slow 1100mV 85C Model Setup 'altera_reserved_tck'
Slack : 10.807
TNS   : 0.000

Type  : Slow 1100mV 85C Model Hold 'PD|pll_0|altera_pll_i|cyclonev_pll|counter[1].output_counter|divclk'
Slack : 0.203
TNS   : 0.000

Type  : Slow 1100mV 85C Model Hold 'CLOCK_50'
Slack : 0.319
TNS   : 0.000

Type  : Slow 1100mV 85C Model Hold 'altera_reserved_tck'
Slack : 0.340
TNS   : 0.000

Type  : Slow 1100mV 85C Model Recovery 'PD|pll_0|altera_pll_i|cyclonev_pll|counter[1].output_counter|divclk'
Slack : 2.517
TNS   : 0.000

Type  : Slow 1100mV 85C Model Recovery 'CLOCK_50'
Slack : 16.480
TNS   : 0.000

Type  : Slow 1100mV 85C Model Recovery 'altera_reserved_tck'
Slack : 37.263
TNS   : 0.000

Type  : Slow 1100mV 85C Model Removal 'PD|pll_0|altera_pll_i|cyclonev_pll|counter[1].output_counter|divclk'
Slack : 0.224
TNS   : 0.000

Type  : Slow 1100mV 85C Model Removal 'altera_reserved_tck'
Slack : 0.552
TNS   : 0.000

Type  : Slow 1100mV 85C Model Removal 'CLOCK_50'
Slack : 1.074
TNS   : 0.000

Type  : Slow 1100mV 85C Model Minimum Pulse Width 'PD|pll_0|altera_pll_i|cyclonev_pll|fpll_0|fpll|vcoph[0]'
Slack : 0.699
TNS   : 0.000

Type  : Slow 1100mV 85C Model Minimum Pulse Width 'PD|pll_0|altera_pll_i|cyclonev_pll|counter[1].output_counter|divclk'
Slack : 2.279
TNS   : 0.000

Type  : Slow 1100mV 85C Model Minimum Pulse Width 'CLOCK_50'
Slack : 9.217
TNS   : 0.000

Type  : Slow 1100mV 85C Model Minimum Pulse Width 'altera_reserved_tck'
Slack : 19.029
TNS   : 0.000

Type  : Slow 1100mV 0C Model Setup 'PD|pll_0|altera_pll_i|cyclonev_pll|counter[1].output_counter|divclk'
Slack : 0.584
TNS   : 0.000

Type  : Slow 1100mV 0C Model Setup 'CLOCK_50'
Slack : 5.130
TNS   : 0.000

Type  : Slow 1100mV 0C Model Setup 'altera_reserved_tck'
Slack : 10.882
TNS   : 0.000

Type  : Slow 1100mV 0C Model Hold 'PD|pll_0|altera_pll_i|cyclonev_pll|counter[1].output_counter|divclk'
Slack : 0.127
TNS   : 0.000

Type  : Slow 1100mV 0C Model Hold 'CLOCK_50'
Slack : 0.297
TNS   : 0.000

Type  : Slow 1100mV 0C Model Hold 'altera_reserved_tck'
Slack : 0.344
TNS   : 0.000

Type  : Slow 1100mV 0C Model Recovery 'PD|pll_0|altera_pll_i|cyclonev_pll|counter[1].output_counter|divclk'
Slack : 2.727
TNS   : 0.000

Type  : Slow 1100mV 0C Model Recovery 'CLOCK_50'
Slack : 16.629
TNS   : 0.000

Type  : Slow 1100mV 0C Model Recovery 'altera_reserved_tck'
Slack : 37.402
TNS   : 0.000

Type  : Slow 1100mV 0C Model Removal 'PD|pll_0|altera_pll_i|cyclonev_pll|counter[1].output_counter|divclk'
Slack : 0.159
TNS   : 0.000

Type  : Slow 1100mV 0C Model Removal 'altera_reserved_tck'
Slack : 0.527
TNS   : 0.000

Type  : Slow 1100mV 0C Model Removal 'CLOCK_50'
Slack : 1.015
TNS   : 0.000

Type  : Slow 1100mV 0C Model Minimum Pulse Width 'PD|pll_0|altera_pll_i|cyclonev_pll|fpll_0|fpll|vcoph[0]'
Slack : 0.699
TNS   : 0.000

Type  : Slow 1100mV 0C Model Minimum Pulse Width 'PD|pll_0|altera_pll_i|cyclonev_pll|counter[1].output_counter|divclk'
Slack : 2.259
TNS   : 0.000

Type  : Slow 1100mV 0C Model Minimum Pulse Width 'CLOCK_50'
Slack : 9.277
TNS   : 0.000

Type  : Slow 1100mV 0C Model Minimum Pulse Width 'altera_reserved_tck'
Slack : 19.046
TNS   : 0.000

Type  : Fast 1100mV 85C Model Setup 'PD|pll_0|altera_pll_i|cyclonev_pll|counter[1].output_counter|divclk'
Slack : 3.142
TNS   : 0.000

Type  : Fast 1100mV 85C Model Setup 'CLOCK_50'
Slack : 10.251
TNS   : 0.000

Type  : Fast 1100mV 85C Model Setup 'altera_reserved_tck'
Slack : 12.858
TNS   : 0.000

Type  : Fast 1100mV 85C Model Hold 'PD|pll_0|altera_pll_i|cyclonev_pll|counter[1].output_counter|divclk'
Slack : 0.132
TNS   : 0.000

Type  : Fast 1100mV 85C Model Hold 'altera_reserved_tck'
Slack : 0.158
TNS   : 0.000

Type  : Fast 1100mV 85C Model Hold 'CLOCK_50'
Slack : 0.180
TNS   : 0.000

Type  : Fast 1100mV 85C Model Recovery 'PD|pll_0|altera_pll_i|cyclonev_pll|counter[1].output_counter|divclk'
Slack : 3.810
TNS   : 0.000

Type  : Fast 1100mV 85C Model Recovery 'CLOCK_50'
Slack : 17.723
TNS   : 0.000

Type  : Fast 1100mV 85C Model Recovery 'altera_reserved_tck'
Slack : 38.073
TNS   : 0.000

Type  : Fast 1100mV 85C Model Removal 'PD|pll_0|altera_pll_i|cyclonev_pll|counter[1].output_counter|divclk'
Slack : 0.180
TNS   : 0.000

Type  : Fast 1100mV 85C Model Removal 'altera_reserved_tck'
Slack : 0.248
TNS   : 0.000

Type  : Fast 1100mV 85C Model Removal 'CLOCK_50'
Slack : 0.604
TNS   : 0.000

Type  : Fast 1100mV 85C Model Minimum Pulse Width 'PD|pll_0|altera_pll_i|cyclonev_pll|fpll_0|fpll|vcoph[0]'
Slack : 0.699
TNS   : 0.000

Type  : Fast 1100mV 85C Model Minimum Pulse Width 'PD|pll_0|altera_pll_i|cyclonev_pll|counter[1].output_counter|divclk'
Slack : 2.388
TNS   : 0.000

Type  : Fast 1100mV 85C Model Minimum Pulse Width 'CLOCK_50'
Slack : 9.100
TNS   : 0.000

Type  : Fast 1100mV 85C Model Minimum Pulse Width 'altera_reserved_tck'
Slack : 19.024
TNS   : 0.000

Type  : Fast 1100mV 0C Model Setup 'PD|pll_0|altera_pll_i|cyclonev_pll|counter[1].output_counter|divclk'
Slack : 3.428
TNS   : 0.000

Type  : Fast 1100mV 0C Model Setup 'CLOCK_50'
Slack : 11.006
TNS   : 0.000

Type  : Fast 1100mV 0C Model Setup 'altera_reserved_tck'
Slack : 13.011
TNS   : 0.000

Type  : Fast 1100mV 0C Model Hold 'PD|pll_0|altera_pll_i|cyclonev_pll|counter[1].output_counter|divclk'
Slack : 0.091
TNS   : 0.000

Type  : Fast 1100mV 0C Model Hold 'altera_reserved_tck'
Slack : 0.144
TNS   : 0.000

Type  : Fast 1100mV 0C Model Hold 'CLOCK_50'
Slack : 0.165
TNS   : 0.000

Type  : Fast 1100mV 0C Model Recovery 'PD|pll_0|altera_pll_i|cyclonev_pll|counter[1].output_counter|divclk'
Slack : 4.191
TNS   : 0.000

Type  : Fast 1100mV 0C Model Recovery 'CLOCK_50'
Slack : 17.963
TNS   : 0.000

Type  : Fast 1100mV 0C Model Recovery 'altera_reserved_tck'
Slack : 38.265
TNS   : 0.000

Type  : Fast 1100mV 0C Model Removal 'PD|pll_0|altera_pll_i|cyclonev_pll|counter[1].output_counter|divclk'
Slack : 0.134
TNS   : 0.000

Type  : Fast 1100mV 0C Model Removal 'altera_reserved_tck'
Slack : 0.213
TNS   : 0.000

Type  : Fast 1100mV 0C Model Removal 'CLOCK_50'
Slack : 0.546
TNS   : 0.000

Type  : Fast 1100mV 0C Model Minimum Pulse Width 'PD|pll_0|altera_pll_i|cyclonev_pll|fpll_0|fpll|vcoph[0]'
Slack : 0.699
TNS   : 0.000

Type  : Fast 1100mV 0C Model Minimum Pulse Width 'PD|pll_0|altera_pll_i|cyclonev_pll|counter[1].output_counter|divclk'
Slack : 2.388
TNS   : 0.000

Type  : Fast 1100mV 0C Model Minimum Pulse Width 'CLOCK_50'
Slack : 9.064
TNS   : 0.000

Type  : Fast 1100mV 0C Model Minimum Pulse Width 'altera_reserved_tck'
Slack : 19.060
TNS   : 0.000

------------------------------------------------------------
