------------------------------------------------------------
Timing Analyzer Summary
------------------------------------------------------------

Type  : Slow 1100mV 85C Model Setup 'PD|pll_sdram|altera_pll_i|cyclonev_pll|counter[1].output_counter|divclk'
Slack : 0.117
TNS   : 0.000

Type  : Slow 1100mV 85C Model Setup 'CLOCK_50'
Slack : 4.928
TNS   : 0.000

Type  : Slow 1100mV 85C Model Setup 'PD|pll_rfr|altera_pll_i|general[0].gpll~PLL_OUTPUT_COUNTER|divclk'
Slack : 10.245
TNS   : 0.000

Type  : Slow 1100mV 85C Model Setup 'altera_reserved_tck'
Slack : 10.807
TNS   : 0.000

Type  : Slow 1100mV 85C Model Hold 'PD|pll_sdram|altera_pll_i|cyclonev_pll|counter[1].output_counter|divclk'
Slack : 0.160
TNS   : 0.000

Type  : Slow 1100mV 85C Model Hold 'CLOCK_50'
Slack : 0.331
TNS   : 0.000

Type  : Slow 1100mV 85C Model Hold 'PD|pll_rfr|altera_pll_i|general[0].gpll~PLL_OUTPUT_COUNTER|divclk'
Slack : 0.383
TNS   : 0.000

Type  : Slow 1100mV 85C Model Hold 'altera_reserved_tck'
Slack : 0.421
TNS   : 0.000

Type  : Slow 1100mV 85C Model Recovery 'PD|pll_sdram|altera_pll_i|cyclonev_pll|counter[1].output_counter|divclk'
Slack : -5.710
TNS   : -22.653

Type  : Slow 1100mV 85C Model Recovery 'CLOCK_50'
Slack : 15.365
TNS   : 0.000

Type  : Slow 1100mV 85C Model Recovery 'altera_reserved_tck'
Slack : 36.634
TNS   : 0.000

Type  : Slow 1100mV 85C Model Removal 'PD|pll_sdram|altera_pll_i|cyclonev_pll|counter[1].output_counter|divclk'
Slack : 0.173
TNS   : 0.000

Type  : Slow 1100mV 85C Model Removal 'CLOCK_50'
Slack : 0.558
TNS   : 0.000

Type  : Slow 1100mV 85C Model Removal 'altera_reserved_tck'
Slack : 0.845
TNS   : 0.000

Type  : Slow 1100mV 85C Model Minimum Pulse Width 'PD|pll_rfr|altera_pll_i|general[0].gpll~FRACTIONAL_PLL|vcoph[0]'
Slack : 0.612
TNS   : 0.000

Type  : Slow 1100mV 85C Model Minimum Pulse Width 'PD|pll_sdram|altera_pll_i|cyclonev_pll|fpll_0|fpll|vcoph[0]'
Slack : 0.699
TNS   : 0.000

Type  : Slow 1100mV 85C Model Minimum Pulse Width 'PD|pll_sdram|altera_pll_i|cyclonev_pll|counter[1].output_counter|divclk'
Slack : 2.260
TNS   : 0.000

Type  : Slow 1100mV 85C Model Minimum Pulse Width 'PD|pll_rfr|altera_pll_i|general[0].gpll~PLL_OUTPUT_COUNTER|divclk'
Slack : 6.039
TNS   : 0.000

Type  : Slow 1100mV 85C Model Minimum Pulse Width 'CLOCK_50'
Slack : 9.218
TNS   : 0.000

Type  : Slow 1100mV 85C Model Minimum Pulse Width 'altera_reserved_tck'
Slack : 19.059
TNS   : 0.000

Type  : Slow 1100mV 0C Model Setup 'PD|pll_sdram|altera_pll_i|cyclonev_pll|counter[1].output_counter|divclk'
Slack : 0.217
TNS   : 0.000

Type  : Slow 1100mV 0C Model Setup 'CLOCK_50'
Slack : 5.120
TNS   : 0.000

Type  : Slow 1100mV 0C Model Setup 'PD|pll_rfr|altera_pll_i|general[0].gpll~PLL_OUTPUT_COUNTER|divclk'
Slack : 10.247
TNS   : 0.000

Type  : Slow 1100mV 0C Model Setup 'altera_reserved_tck'
Slack : 10.882
TNS   : 0.000

Type  : Slow 1100mV 0C Model Hold 'PD|pll_sdram|altera_pll_i|cyclonev_pll|counter[1].output_counter|divclk'
Slack : 0.083
TNS   : 0.000

Type  : Slow 1100mV 0C Model Hold 'CLOCK_50'
Slack : 0.310
TNS   : 0.000

Type  : Slow 1100mV 0C Model Hold 'PD|pll_rfr|altera_pll_i|general[0].gpll~PLL_OUTPUT_COUNTER|divclk'
Slack : 0.383
TNS   : 0.000

Type  : Slow 1100mV 0C Model Hold 'altera_reserved_tck'
Slack : 0.436
TNS   : 0.000

Type  : Slow 1100mV 0C Model Recovery 'PD|pll_sdram|altera_pll_i|cyclonev_pll|counter[1].output_counter|divclk'
Slack : -5.377
TNS   : -21.267

Type  : Slow 1100mV 0C Model Recovery 'CLOCK_50'
Slack : 15.498
TNS   : 0.000

Type  : Slow 1100mV 0C Model Recovery 'altera_reserved_tck'
Slack : 36.772
TNS   : 0.000

Type  : Slow 1100mV 0C Model Removal 'PD|pll_sdram|altera_pll_i|cyclonev_pll|counter[1].output_counter|divclk'
Slack : 0.134
TNS   : 0.000

Type  : Slow 1100mV 0C Model Removal 'CLOCK_50'
Slack : 0.515
TNS   : 0.000

Type  : Slow 1100mV 0C Model Removal 'altera_reserved_tck'
Slack : 0.775
TNS   : 0.000

Type  : Slow 1100mV 0C Model Minimum Pulse Width 'PD|pll_rfr|altera_pll_i|general[0].gpll~FRACTIONAL_PLL|vcoph[0]'
Slack : 0.612
TNS   : 0.000

Type  : Slow 1100mV 0C Model Minimum Pulse Width 'PD|pll_sdram|altera_pll_i|cyclonev_pll|fpll_0|fpll|vcoph[0]'
Slack : 0.699
TNS   : 0.000

Type  : Slow 1100mV 0C Model Minimum Pulse Width 'PD|pll_sdram|altera_pll_i|cyclonev_pll|counter[1].output_counter|divclk'
Slack : 2.244
TNS   : 0.000

Type  : Slow 1100mV 0C Model Minimum Pulse Width 'PD|pll_rfr|altera_pll_i|general[0].gpll~PLL_OUTPUT_COUNTER|divclk'
Slack : 5.991
TNS   : 0.000

Type  : Slow 1100mV 0C Model Minimum Pulse Width 'CLOCK_50'
Slack : 9.277
TNS   : 0.000

Type  : Slow 1100mV 0C Model Minimum Pulse Width 'altera_reserved_tck'
Slack : 19.069
TNS   : 0.000

Type  : Fast 1100mV 85C Model Setup 'PD|pll_sdram|altera_pll_i|cyclonev_pll|counter[1].output_counter|divclk'
Slack : 2.901
TNS   : 0.000

Type  : Fast 1100mV 85C Model Setup 'CLOCK_50'
Slack : 10.140
TNS   : 0.000

Type  : Fast 1100mV 85C Model Setup 'PD|pll_rfr|altera_pll_i|general[0].gpll~PLL_OUTPUT_COUNTER|divclk'
Slack : 11.565
TNS   : 0.000

Type  : Fast 1100mV 85C Model Setup 'altera_reserved_tck'
Slack : 12.888
TNS   : 0.000

Type  : Fast 1100mV 85C Model Hold 'PD|pll_sdram|altera_pll_i|cyclonev_pll|counter[1].output_counter|divclk'
Slack : 0.115
TNS   : 0.000

Type  : Fast 1100mV 85C Model Hold 'altera_reserved_tck'
Slack : 0.159
TNS   : 0.000

Type  : Fast 1100mV 85C Model Hold 'CLOCK_50'
Slack : 0.181
TNS   : 0.000

Type  : Fast 1100mV 85C Model Hold 'PD|pll_rfr|altera_pll_i|general[0].gpll~PLL_OUTPUT_COUNTER|divclk'
Slack : 0.185
TNS   : 0.000

Type  : Fast 1100mV 85C Model Recovery 'PD|pll_sdram|altera_pll_i|cyclonev_pll|counter[1].output_counter|divclk'
Slack : -3.319
TNS   : -13.207

Type  : Fast 1100mV 85C Model Recovery 'CLOCK_50'
Slack : 17.042
TNS   : 0.000

Type  : Fast 1100mV 85C Model Recovery 'altera_reserved_tck'
Slack : 37.751
TNS   : 0.000

Type  : Fast 1100mV 85C Model Removal 'PD|pll_sdram|altera_pll_i|cyclonev_pll|counter[1].output_counter|divclk'
Slack : 0.183
TNS   : 0.000

Type  : Fast 1100mV 85C Model Removal 'CLOCK_50'
Slack : 0.289
TNS   : 0.000

Type  : Fast 1100mV 85C Model Removal 'altera_reserved_tck'
Slack : 0.388
TNS   : 0.000

Type  : Fast 1100mV 85C Model Minimum Pulse Width 'PD|pll_rfr|altera_pll_i|general[0].gpll~FRACTIONAL_PLL|vcoph[0]'
Slack : 0.612
TNS   : 0.000

Type  : Fast 1100mV 85C Model Minimum Pulse Width 'PD|pll_sdram|altera_pll_i|cyclonev_pll|fpll_0|fpll|vcoph[0]'
Slack : 0.699
TNS   : 0.000

Type  : Fast 1100mV 85C Model Minimum Pulse Width 'PD|pll_sdram|altera_pll_i|cyclonev_pll|counter[1].output_counter|divclk'
Slack : 2.382
TNS   : 0.000

Type  : Fast 1100mV 85C Model Minimum Pulse Width 'PD|pll_rfr|altera_pll_i|general[0].gpll~PLL_OUTPUT_COUNTER|divclk'
Slack : 6.290
TNS   : 0.000

Type  : Fast 1100mV 85C Model Minimum Pulse Width 'CLOCK_50'
Slack : 9.100
TNS   : 0.000

Type  : Fast 1100mV 85C Model Minimum Pulse Width 'altera_reserved_tck'
Slack : 19.040
TNS   : 0.000

Type  : Fast 1100mV 0C Model Setup 'PD|pll_sdram|altera_pll_i|cyclonev_pll|counter[1].output_counter|divclk'
Slack : 3.223
TNS   : 0.000

Type  : Fast 1100mV 0C Model Setup 'CLOCK_50'
Slack : 10.914
TNS   : 0.000

Type  : Fast 1100mV 0C Model Setup 'PD|pll_rfr|altera_pll_i|general[0].gpll~PLL_OUTPUT_COUNTER|divclk'
Slack : 11.701
TNS   : 0.000

Type  : Fast 1100mV 0C Model Setup 'altera_reserved_tck'
Slack : 13.011
TNS   : 0.000

Type  : Fast 1100mV 0C Model Hold 'PD|pll_sdram|altera_pll_i|cyclonev_pll|counter[1].output_counter|divclk'
Slack : 0.060
TNS   : 0.000

Type  : Fast 1100mV 0C Model Hold 'altera_reserved_tck'
Slack : 0.144
TNS   : 0.000

Type  : Fast 1100mV 0C Model Hold 'CLOCK_50'
Slack : 0.170
TNS   : 0.000

Type  : Fast 1100mV 0C Model Hold 'PD|pll_rfr|altera_pll_i|general[0].gpll~PLL_OUTPUT_COUNTER|divclk'
Slack : 0.177
TNS   : 0.000

Type  : Fast 1100mV 0C Model Recovery 'PD|pll_sdram|altera_pll_i|cyclonev_pll|counter[1].output_counter|divclk'
Slack : -2.875
TNS   : -11.450

Type  : Fast 1100mV 0C Model Recovery 'CLOCK_50'
Slack : 17.343
TNS   : 0.000

Type  : Fast 1100mV 0C Model Recovery 'altera_reserved_tck'
Slack : 37.979
TNS   : 0.000

Type  : Fast 1100mV 0C Model Removal 'PD|pll_sdram|altera_pll_i|cyclonev_pll|counter[1].output_counter|divclk'
Slack : 0.129
TNS   : 0.000

Type  : Fast 1100mV 0C Model Removal 'CLOCK_50'
Slack : 0.262
TNS   : 0.000

Type  : Fast 1100mV 0C Model Removal 'altera_reserved_tck'
Slack : 0.334
TNS   : 0.000

Type  : Fast 1100mV 0C Model Minimum Pulse Width 'PD|pll_rfr|altera_pll_i|general[0].gpll~FRACTIONAL_PLL|vcoph[0]'
Slack : 0.612
TNS   : 0.000

Type  : Fast 1100mV 0C Model Minimum Pulse Width 'PD|pll_sdram|altera_pll_i|cyclonev_pll|fpll_0|fpll|vcoph[0]'
Slack : 0.699
TNS   : 0.000

Type  : Fast 1100mV 0C Model Minimum Pulse Width 'PD|pll_sdram|altera_pll_i|cyclonev_pll|counter[1].output_counter|divclk'
Slack : 2.380
TNS   : 0.000

Type  : Fast 1100mV 0C Model Minimum Pulse Width 'PD|pll_rfr|altera_pll_i|general[0].gpll~PLL_OUTPUT_COUNTER|divclk'
Slack : 6.279
TNS   : 0.000

Type  : Fast 1100mV 0C Model Minimum Pulse Width 'CLOCK_50'
Slack : 9.062
TNS   : 0.000

Type  : Fast 1100mV 0C Model Minimum Pulse Width 'altera_reserved_tck'
Slack : 19.078
TNS   : 0.000

------------------------------------------------------------
